
> shi-guang-ji@1.0.0 build
> next build

  鈻?Next.js 14.2.32
  - Environments: .env.local
  - Experiments (use with caution):
    路 webpackBuildWorker

   Creating an optimized production build ...
> [PWA] Compile server
> [PWA] Compile server
> [PWA] Compile client (static)
> [PWA] Auto register service worker with: D:\Mituanapp1\shi-guang-ji\node_modules\next-pwa\register.js
> [PWA] Service worker: D:\Mituanapp1\shi-guang-ji\public\sw.js
> [PWA]   url: /sw.js
> [PWA]   scope: /
node.exe : Failed to compile.
所在位置 行:1 字符: 1
+ & "C:\Program Files\nodejs/node.exe" "C:\Program Files\nodejs/node_mo ...
+ ~~~~~~~~~~~~~~~~~~~~~~~~~~~~~~~~~~~~~~~~~~~~~~~~~~~~~~~~~~~~~~~~~~~~~
    + CategoryInfo          : NotSpecified: (Failed to compile.:String) [], Re 
   moteException
    + FullyQualifiedErrorId : NativeCommandError
 

./src/utils/performanceMonitor.ts
Error: 
  [31mx[0m Expected '>', got '{'
     ,-[[36;1;4mD:\Mituanapp1\shi-guang-ji\src\utils\performanceMonitor.ts[0m
:289:1]
 [2m289[0m |     const monitor = PerformanceMonitor.getInstance();
 [2m290[0m |     const name = componentName || Component.displayName || Compo
nent.name || 'Unknown';
 [2m291[0m |     
 [2m292[0m |     return monitor.measureComponentRender(name, () => <Component
 {...props} />);
     : [31;1m                                                                 
^[0m
 [2m293[0m |   };
 [2m294[0m |   
 [2m295[0m |   WrappedComponent.displayName = `withPerformanceMonitoring(${Co
mponent.displayName || Component.name})`;
     `----

Caused by:
    Syntax Error

Import trace for requested module:
./src/utils/performanceMonitor.ts
./src/components/performance/PerformanceProvider.tsx


> Build failed because of webpack errors
